[0m13:10:27.451618 [debug] [MainThread]: Sending event: {'category': 'dbt', 'action': 'invocation', 'label': 'start', 'context': [<snowplow_tracker.self_describing_json.SelfDescribingJson object at 0x71fa30d76910>, <snowplow_tracker.self_describing_json.SelfDescribingJson object at 0x71fa341f3690>, <snowplow_tracker.self_describing_json.SelfDescribingJson object at 0x71fa30d75190>]}


============================== 13:10:27.457428 | b4a39d75-44af-4d4a-9324-408785209368 ==============================
[0m13:10:27.457428 [info ] [MainThread]: Running with dbt=1.11.7
[0m13:10:27.457960 [debug] [MainThread]: running dbt with arguments {'cache_selected_only': 'False', 'log_cache_events': 'False', 'no_print': 'None', 'warn_error': 'None', 'empty': 'None', 'send_anonymous_usage_stats': 'True', 'write_json': 'True', 'partial_parse': 'True', 'printer_width': '80', 'use_colors': 'True', 'fail_fast': 'False', 'version_check': 'True', 'static_parser': 'True', 'profiles_dir': '/home/user/.dbt', 'debug': 'False', 'quiet': 'False', 'invocation_command': 'dbt init ili_utils', 'log_path': 'logs', 'use_experimental_parser': 'False', 'warn_error_options': 'WarnErrorOptionsV2(error=[], warn=[], silence=[])', 'introspect': 'True', 'indirect_selection': 'eager', 'target_path': 'None', 'log_format': 'default'}
[0m13:10:27.468713 [info ] [MainThread]: Creating dbt configuration folder at /home/user/.dbt
[0m13:10:27.470345 [debug] [MainThread]: Starter project path: /home/user/.local/lib/python3.11/site-packages/dbt/include/starter_project
[0m13:10:27.475630 [info ] [MainThread]: 
Your new dbt project "ili_utils" was created!

For more information on how to configure the profiles.yml file,
please consult the dbt documentation here:

  https://docs.getdbt.com/docs/configure-your-profile

One more thing:

Need help? Don't hesitate to reach out to us via GitHub issues or on Slack:

  https://community.getdbt.com/

Happy modeling!

[0m13:10:27.476227 [info ] [MainThread]: Setting up your profile.
[0m13:11:10.554870 [info ] [MainThread]: Profile ili_utils written to /home/user/.dbt/profiles.yml using target's profile_template.yml and your supplied values. Run 'dbt debug' to validate the connection.
[0m13:11:10.556527 [debug] [MainThread]: Resource report: {"command_name": "init", "command_success": true, "command_wall_clock_time": 43.15154, "process_in_blocks": "1728", "process_kernel_time": 0.327895, "process_mem_max_rss": "111892", "process_out_blocks": "80", "process_user_time": 1.851116}
[0m13:11:10.557239 [debug] [MainThread]: Command `dbt init` succeeded at 13:11:10.557098 after 43.15 seconds
[0m13:11:10.557675 [debug] [MainThread]: Sending event: {'category': 'dbt', 'action': 'invocation', 'label': 'end', 'context': [<snowplow_tracker.self_describing_json.SelfDescribingJson object at 0x71fa30e72e50>, <snowplow_tracker.self_describing_json.SelfDescribingJson object at 0x71fa30d74f50>, <snowplow_tracker.self_describing_json.SelfDescribingJson object at 0x71fa3119c610>]}
[0m13:11:10.558139 [debug] [MainThread]: Flushing usage events
[0m13:11:11.634996 [debug] [MainThread]: An error was encountered while trying to flush usage events
[0m06:49:43.679068 [debug] [MainThread]: Sending event: {'category': 'dbt', 'action': 'invocation', 'label': 'start', 'context': [<snowplow_tracker.self_describing_json.SelfDescribingJson object at 0x7748ec424d50>, <snowplow_tracker.self_describing_json.SelfDescribingJson object at 0x7748ec450890>, <snowplow_tracker.self_describing_json.SelfDescribingJson object at 0x7748ec460190>]}


============================== 06:49:43.684742 | 8f582562-bb31-4922-934e-dd7d82ce2888 ==============================
[0m06:49:43.684742 [info ] [MainThread]: Running with dbt=1.11.7
[0m06:49:43.685192 [debug] [MainThread]: running dbt with arguments {'indirect_selection': 'eager', 'printer_width': '80', 'send_anonymous_usage_stats': 'True', 'introspect': 'True', 'use_colors': 'True', 'debug': 'False', 'log_format': 'default', 'empty': 'None', 'cache_selected_only': 'False', 'partial_parse': 'True', 'use_experimental_parser': 'False', 'version_check': 'True', 'invocation_command': 'dbt ', 'profiles_dir': '/home/user/.dbt', 'fail_fast': 'False', 'static_parser': 'True', 'write_json': 'True', 'no_print': 'None', 'quiet': 'False', 'target_path': 'None', 'log_cache_events': 'False', 'warn_error_options': 'WarnErrorOptionsV2(error=[], warn=[], silence=[])', 'warn_error': 'None', 'log_path': '/project/src/dbt/dbt_dbu_aue_quellkataster/dbt_packages/ili_utils/logs'}
[0m06:49:43.787157 [debug] [MainThread]: Sending event: {'category': 'dbt', 'action': 'project_id', 'label': '8f582562-bb31-4922-934e-dd7d82ce2888', 'context': [<snowplow_tracker.self_describing_json.SelfDescribingJson object at 0x7748ec344250>]}
[0m06:49:43.798207 [debug] [MainThread]: Set downloads directory='/tmp/dbt-downloads-04rlfz14'
[0m06:49:43.798730 [debug] [MainThread]: Making package index registry request: GET https://hub.getdbt.com/api/v1/index.json
[0m06:49:44.065051 [debug] [MainThread]: Response from registry index: GET https://hub.getdbt.com/api/v1/index.json 200
[0m06:49:44.067806 [debug] [MainThread]: Making package registry request: GET https://hub.getdbt.com/api/v1/dbt-labs/dbt_utils.json
[0m06:49:44.271601 [debug] [MainThread]: Response from registry: GET https://hub.getdbt.com/api/v1/dbt-labs/dbt_utils.json 200
[0m06:49:44.284188 [info ] [MainThread]: Updating lock file in file path: /project/src/dbt/dbt_dbu_aue_quellkataster/dbt_packages/ili_utils/package-lock.yml
[0m06:49:44.286475 [debug] [MainThread]: Set downloads directory='/tmp/dbt-downloads-p7539unk'
[0m06:49:44.290186 [info ] [MainThread]: Installing dbt-labs/dbt_utils
[0m06:49:44.687931 [info ] [MainThread]: Installed from version 1.3.3
[0m06:49:44.688503 [info ] [MainThread]: Up to date!
[0m06:49:44.688895 [debug] [MainThread]: Sending event: {'category': 'dbt', 'action': 'package', 'label': '8f582562-bb31-4922-934e-dd7d82ce2888', 'property_': 'install', 'context': [<snowplow_tracker.self_describing_json.SelfDescribingJson object at 0x7748ed4f9e90>, <snowplow_tracker.self_describing_json.SelfDescribingJson object at 0x7748eea7dbd0>]}
[0m06:49:44.690760 [debug] [MainThread]: Resource report: {"command_name": "deps", "command_success": true, "command_wall_clock_time": 1.0575312, "process_in_blocks": "0", "process_kernel_time": 0.466678, "process_mem_max_rss": "113216", "process_out_blocks": "2296", "process_user_time": 2.637531}
[0m06:49:44.691574 [debug] [MainThread]: Command `cli deps` succeeded at 06:49:44.691430 after 1.06 seconds
[0m06:49:44.691996 [debug] [MainThread]: Sending event: {'category': 'dbt', 'action': 'invocation', 'label': 'end', 'context': [<snowplow_tracker.self_describing_json.SelfDescribingJson object at 0x7748ec419b10>, <snowplow_tracker.self_describing_json.SelfDescribingJson object at 0x7748ec427350>, <snowplow_tracker.self_describing_json.SelfDescribingJson object at 0x7748ec7a9b90>]}
[0m06:49:44.692401 [debug] [MainThread]: Flushing usage events
[0m06:49:45.284415 [debug] [MainThread]: An error was encountered while trying to flush usage events
